\BOOKMARK [1][-]{section.1}{\376\377\000I\000n\000t\000r\000o\000d\000u\000c\000t\000i\000o\000n}{}% 1
\BOOKMARK [2][-]{subsection.1.1}{\376\377\000M\000o\000t\000i\000v\000a\000t\000i\000o\000n\000:\000\040\000T\000h\000r\000e\000e\000\040\000C\000o\000u\000p\000l\000e\000d\000\040\000C\000h\000a\000l\000l\000e\000n\000g\000e\000s}{section.1}% 2
\BOOKMARK [2][-]{subsection.1.2}{\376\377\000T\000h\000r\000e\000e\000\040\000C\000o\000n\000j\000e\000c\000t\000u\000r\000e\000s}{section.1}% 3
\BOOKMARK [2][-]{subsection.1.3}{\376\377\000O\000u\000r\000\040\000A\000p\000p\000r\000o\000a\000c\000h\000:\000\040\000P\000r\000o\000t\000o\000t\000y\000p\000e\000-\000D\000r\000i\000v\000e\000n\000\040\000F\000a\000i\000r\000\040\000F\000L}{section.1}% 4
\BOOKMARK [2][-]{subsection.1.4}{\376\377\000C\000o\000n\000t\000r\000i\000b\000u\000t\000i\000o\000n\000s}{section.1}% 5
\BOOKMARK [1][-]{section.2}{\376\377\000R\000e\000l\000a\000t\000e\000d\000\040\000W\000o\000r\000k}{}% 6
\BOOKMARK [2][-]{subsection.2.1}{\376\377\000G\000e\000n\000e\000r\000a\000l\000\040\000F\000e\000d\000e\000r\000a\000t\000e\000d\000\040\000L\000e\000a\000r\000n\000i\000n\000g}{section.2}% 7
\BOOKMARK [2][-]{subsection.2.2}{\376\377\000F\000a\000i\000r\000\040\000F\000e\000d\000e\000r\000a\000t\000e\000d\000\040\000L\000e\000a\000r\000n\000i\000n\000g}{section.2}% 8
\BOOKMARK [2][-]{subsection.2.3}{\376\377\000P\000r\000o\000t\000o\000t\000y\000p\000e\000-\000B\000a\000s\000e\000d\000\040\000L\000e\000a\000r\000n\000i\000n\000g}{section.2}% 9
\BOOKMARK [1][-]{section.3}{\376\377\000P\000r\000e\000l\000i\000m\000i\000n\000a\000r\000i\000e\000s}{}% 10
\BOOKMARK [2][-]{subsection.3.1}{\376\377\000S\000e\000t\000u\000p}{section.3}% 11
\BOOKMARK [1][-]{section.4}{\376\377\000C\000o\000n\000j\000e\000c\000t\000u\000r\000e\000s\000\040\000a\000n\000d\000\040\000T\000h\000e\000o\000r\000e\000t\000i\000c\000a\000l\000\040\000A\000n\000a\000l\000y\000s\000i\000s}{}% 12
\BOOKMARK [2][-]{subsection.4.1}{\376\377\000C\000o\000n\000j\000e\000c\000t\000u\000r\000e\000\040\000C\0001\000:\000\040\000T\000h\000e\000\040\000R\000e\000p\000r\000e\000s\000e\000n\000t\000a\000t\000i\000o\000n\000\040\000G\000a\000p\000\040\000C\000o\000n\000t\000r\000o\000l\000s\000\040\000t\000h\000e\000\040\000E\000O\000\040\000U\000p\000p\000e\000r\000\040\000B\000o\000u\000n\000d}{section.4}% 13
\BOOKMARK [2][-]{subsection.4.2}{\376\377\000C\000o\000n\000j\000e\000c\000t\000u\000r\000e\000\040\000C\0002\000:\000\040\000C\000l\000a\000s\000s\000i\000f\000i\000e\000r\000\040\000C\000o\000n\000f\000i\000d\000e\000n\000c\000e\000\040\000D\000i\000f\000f\000e\000r\000e\000n\000c\000e\000\040\000F\000o\000r\000c\000e\000s\000\040\000t\000h\000e\000\040\000E\000O\000\040\000L\000o\000w\000e\000r\000\040\000B\000o\000u\000n\000d}{section.4}% 14
\BOOKMARK [2][-]{subsection.4.3}{\376\377\000C\000o\000n\000j\000e\000c\000t\000u\000r\000e\000\040\000C\0003\000:\000\040\000P\000r\000o\000p\000a\000g\000a\000t\000i\000o\000n\000\040\000R\000e\000q\000u\000i\000r\000e\000s\000\040\000G\000l\000o\000b\000a\000l\000l\000y\000\040\000C\000o\000n\000s\000i\000s\000t\000e\000n\000t\000\040\000C\000o\000o\000r\000d\000i\000n\000a\000t\000e\000s}{section.4}% 15
\BOOKMARK [1][-]{section.5}{\376\377\000M\000e\000t\000h\000o\000d\000:\000\040\000P\000D\000F\000F\000e\000d}{}% 16
\BOOKMARK [2][-]{subsection.5.1}{\376\377\000D\000e\000s\000i\000g\000n\000\040\000f\000r\000o\000m\000\040\000C\000o\000n\000j\000e\000c\000t\000u\000r\000e\000s}{section.5}% 17
\BOOKMARK [2][-]{subsection.5.2}{\376\377\000C\000l\000a\000s\000s\000-\000G\000r\000o\000u\000p\000\040\000P\000r\000o\000t\000o\000t\000y\000p\000e\000s}{section.5}% 18
\BOOKMARK [2][-]{subsection.5.3}{\376\377\000L\000o\000c\000a\000l\000\040\000T\000r\000a\000i\000n\000i\000n\000g\000\040\000O\000b\000j\000e\000c\000t\000i\000v\000e}{section.5}% 19
\BOOKMARK [2][-]{subsection.5.4}{\376\377\000S\000e\000r\000v\000e\000r\000-\000S\000i\000d\000e\000\040\000P\000o\000s\000t\000-\000T\000r\000a\000i\000n\000i\000n\000g}{section.5}% 20
\BOOKMARK [1][-]{section.6}{\376\377\000E\000x\000p\000e\000r\000i\000m\000e\000n\000t\000s}{}% 21
\BOOKMARK [2][-]{subsection.6.1}{\376\377\000S\000e\000t\000u\000p}{section.6}% 22
\BOOKMARK [2][-]{subsection.6.2}{\376\377\000M\000a\000i\000n\000\040\000R\000e\000s\000u\000l\000t\000s}{section.6}% 23
\BOOKMARK [2][-]{subsection.6.3}{\376\377\000V\000e\000r\000i\000f\000y\000i\000n\000g\000\040\000P\000r\000e\000d\000i\000c\000t\000i\000o\000n\000\040\000P\0001}{section.6}% 24
\BOOKMARK [2][-]{subsection.6.4}{\376\377\000V\000e\000r\000i\000f\000y\000i\000n\000g\000\040\000P\000r\000e\000d\000i\000c\000t\000i\000o\000n\000\040\000P\0002}{section.6}% 25
\BOOKMARK [2][-]{subsection.6.5}{\376\377\000V\000e\000r\000i\000f\000y\000i\000n\000g\000\040\000P\000r\000e\000d\000i\000c\000t\000i\000o\000n\000\040\000P\0003\000\040\000a\000n\000d\000\040\000t\000h\000e\000\040\000P\000a\000r\000e\000t\000o\000\040\000F\000r\000o\000n\000t}{section.6}% 26
\BOOKMARK [2][-]{subsection.6.6}{\376\377\000A\000b\000l\000a\000t\000i\000o\000n\000s}{section.6}% 27
\BOOKMARK [2][-]{subsection.6.7}{\376\377\000S\000e\000n\000s\000i\000t\000i\000v\000i\000t\000y\000\040\000A\000n\000a\000l\000y\000s\000i\000s}{section.6}% 28
\BOOKMARK [2][-]{subsection.6.8}{\376\377\000O\000p\000t\000i\000o\000n\000a\000l\000:\000\040\000D\000i\000f\000f\000e\000r\000e\000n\000t\000i\000a\000l\000\040\000P\000r\000i\000v\000a\000c\000y}{section.6}% 29
\BOOKMARK [1][-]{section.7}{\376\377\000C\000o\000n\000c\000l\000u\000s\000i\000o\000n}{}% 30
\BOOKMARK [1][-]{appendix.A}{\376\377\000A\000s\000s\000u\000m\000p\000t\000i\000o\000n\000s\000\040\000a\000n\000d\000\040\000N\000o\000t\000a\000t\000i\000o\000n}{}% 31
\BOOKMARK [1][-]{appendix.B}{\376\377\000P\000r\000o\000o\000f\000s\000\040\000o\000f\000\040\000T\000h\000e\000o\000r\000e\000m\000\040\0006\000\040\000a\000n\000d\000\040\000C\000o\000r\000o\000l\000l\000a\000r\000y\000\040\000?\000?}{}% 32
\BOOKMARK [1][-]{appendix.C}{\376\377\000P\000r\000o\000o\000f\000s\000\040\000f\000o\000r\000\040\000F\000a\000i\000r\000n\000e\000s\000s\040\023\000A\000c\000c\000u\000r\000a\000c\000y\000\040\000T\000r\000a\000d\000e\000o\000f\000f\000\040\000\050\000L\000e\000m\000.\000\040\0001\000,\000\040\000T\000h\000m\000.\000\040\0003\000\051}{}% 33
\BOOKMARK [1][-]{appendix.D}{\376\377\000C\000o\000n\000f\000i\000d\000e\000n\000c\000e\000\040\000L\000o\000w\000e\000r\000\040\000B\000o\000u\000n\000d\000s\000\040\000\050\000T\000h\000m\000.\000\040\0005\000,\000\040\000T\000h\000m\000.\000\040\0001\0000\000\051}{}% 34
\BOOKMARK [1][-]{appendix.E}{\376\377\000H\000e\000t\000e\000r\000o\000g\000e\000n\000e\000i\000t\000y\000\040\000B\000o\000u\000n\000d\000s\000\040\000\050\000T\000h\000m\000.\000\040\000?\000?\000,\000\040\000T\000h\000m\000.\000\040\0001\0004\000,\000\040\000T\000h\000m\000.\000\040\0009\000\051}{}% 35
\BOOKMARK [1][-]{appendix.F}{\376\377\000P\000r\000i\000v\000a\000c\000y\000\040\000E\000x\000t\000e\000n\000s\000i\000o\000n\000\040\000\050\000T\000h\000m\000.\000\040\0001\0000\040\023\0001\0002\000\051}{}% 36
\BOOKMARK [1][-]{appendix.G}{\376\377\000A\000d\000a\000p\000t\000i\000v\000e\000\040\000C\000a\000l\000i\000b\000r\000a\000t\000i\000o\000n\000\040\000S\000t\000e\000p\000s}{}% 37
\BOOKMARK [1][-]{appendix.H}{\376\377\000T\000o\000y\000-\000E\000x\000p\000e\000r\000i\000m\000e\000n\000t\000\040\000V\000a\000l\000i\000d\000a\000t\000i\000o\000n\000\040\000P\000l\000a\000n}{}% 38
